// Jest Snapshot v1, https://goo.gl/fbAQLP

exports[`MigrationPlansEditPopup renders correctly using snapshot 1`] = `
<span>
  <button
    className="btn btn-default"
    disabled={false}
    onClick={[Function]}
    type="button"
  >
    Import Plan
  </button>
</span>
`;
